Microchip MPLAB XC8 Compiler V2.10 ()

Linker command line:

-W-3 --edf=C:\Program Files (x86)\Microchip\xc8\v2.10\pic\dat\en_msgs.txt \
  -cs -h+dist/default/production\Simon_Says.X.production.sym \
  --cmf=dist/default/production\Simon_Says.X.production.cmf -z -Q16F1614 \
  -oC:\Users\Jaime\AppData\Local\Temp\sm9c.2 --defsym=__MPLAB_BUILD=1 \
  -Mdist/default/production/Simon_Says.X.production.map -E1 -ver=XC8 \
  --acfsm=1493 -ASTACK=02050h-021EFh -pstack=STACK -ACODE=00h-07FFhx2 \
  -ASTRCODE=00h-0FFFh -ASTRING=00h-0FFhx16 -ACONST=00h-0FFhx16 \
  -AENTRY=00h-0FFhx16 -ACOMMON=070h-07Fh -ABANK0=020h-06Fh \
  -ABANK1=0A0h-0EFh -ABANK2=0120h-016Fh -ABANK3=01A0h-01EFh \
  -ABANK4=0220h-026Fh -ABANK5=02A0h-02EFh -ABANK6=0320h-032Fh \
  -ABIGRAM=02000h-021EFh \
  -ARAM=020h-06Fh,0A0h-0EFh,0120h-016Fh,01A0h-01EFh,0220h-026Fh,02A0h-02EFh,0320h-032Fh \
  -AABS1=020h-07Fh,0A0h-0EFh,0120h-016Fh,01A0h-01EFh,0220h-026Fh,02A0h-02EFh,0320h-032Fh \
  -ASFR0=00h-01Fh -ASFR1=080h-09Fh -ASFR2=0100h-011Fh -ASFR3=0180h-019Fh \
  -ASFR4=0200h-021Fh -ASFR5=0280h-029Fh -ASFR6=0300h-031Fh \
  -ASFR7=0380h-03EFh -ASFR8=0400h-046Fh -ASFR9=0480h-04EFh \
  -ASFR10=0500h-056Fh -ASFR11=0580h-05EFh -ASFR12=0600h-066Fh \
  -ASFR13=0680h-06EFh -ASFR14=0700h-076Fh -ASFR15=0780h-07EFh \
  -ASFR16=0800h-086Fh -ASFR17=0880h-08EFh -ASFR18=0900h-096Fh \
  -ASFR19=0980h-09EFh -ASFR20=0A00h-0A6Fh -ASFR21=0A80h-0AEFh \
  -ASFR22=0B00h-0B6Fh -ASFR23=0B80h-0BEFh -ASFR24=0C00h-0C6Fh \
  -ASFR25=0C80h-0CEFh -ASFR26=0D00h-0D6Fh -ASFR27=0D80h-0DEFh \
  -ASFR28=0E00h-0E6Fh -ASFR29=0E80h-0EEFh -ASFR30=0F00h-0F6Fh \
  -ASFR31=0F80h-0FEFh -preset_vec=00h,intentry=04h,init,end_init \
  -ppowerup=CODE -pcinit=CODE -pfunctab=ENTRY -ACONFIG=08007h-08009h \
  -pconfig=CONFIG -DCONFIG=2 -AIDLOC=08000h-08003h -pidloc=IDLOC -DIDLOC=2 \
  -DCODE=2 -DSTRCODE=2 -DSTRING=2 -DCONST=2 -DENTRY=2 -k \
  C:\Users\Jaime\AppData\Local\Temp\sm9c.o \
  dist/default/production\Simon_Says.X.production.o 

Object code version is 3.11

Machine type is 16F1614



                Name                               Link     Load   Length Selector   Space Scale
C:\Users\Jaime\AppData\Local\Temp\sm9c.o
                end_init                             E6       E6        2        8       0
                reset_vec                             0        0        2        0       0
                config                             8007     8007        3    1000E       0
dist/default/production\Simon_Says.X.production.o
                cinit                                E8       E8       14        8       0
                intentry                              4        4       E2        8       0
                text5                               182      182       13        8       0
                text4                                FC       FC       37        8       0
                text3                               14F      14F       1A        8       0
                text2                               195      195        B        8       0
                text1                               169      169       19        8       0
                maintext                            133      133       1C        8       0
                cstackCOMMON                         7A       7A        1       70       1
                clrtext                             1B2      1B2        6      364       0
                bssBANK0                             20       20       50       20       1
                bssCOMMON                            70       70        A       70       1
                stringtext13                        1C2      1C2        1      370       0
                stringtext12                        1C1      1C1        1      370       0
                stringtext11                        1C0      1C0        1      370       0
                stringtext10                        1BF      1BF        1      370       0
                stringtext9                         1BE      1BE        1      370       0
                stringtext8                         1BD      1BD        1      370       0
                stringtext7                         1BC      1BC        1      370       0
                stringtext6                         1BB      1BB        1      370       0
                stringtext5                         1BA      1BA        1      370       0
                stringtext4                         1B9      1B9        1      370       0
                stringtext3                         1B8      1B8        1      370       0
                stringtext2                         1AA      1AA        8      340       0
                stringtext1                         1A0      1A0        A      340       0

TOTAL           Name                               Link     Load   Length     Space
        CLASS   STACK          

        CLASS   CODE           
                end_init                             E6       E6        2         0
                cinit                                E8       E8       14         0
                intentry                              4        4       E2         0
                reset_vec                             0        0        2         0
                text5                               182      182       13         0
                text4                                FC       FC       37         0
                text3                               14F      14F       1A         0
                text2                               195      195        B         0
                text1                               169      169       19         0
                maintext                            133      133       1C         0
                clrtext                             1B2      1B2        6         0

        CLASS   STRCODE        
                stringtext13                        1C2      1C2        1         0
                stringtext12                        1C1      1C1        1         0
                stringtext11                        1C0      1C0        1         0
                stringtext10                        1BF      1BF        1         0
                stringtext9                         1BE      1BE        1         0
                stringtext8                         1BD      1BD        1         0
                stringtext7                         1BC      1BC        1         0
                stringtext6                         1BB      1BB        1         0
                stringtext5                         1BA      1BA        1         0
                stringtext4                         1B9      1B9        1         0
                stringtext3                         1B8      1B8        1         0
                stringtext2                         1AA      1AA        8         0
                stringtext1                         1A0      1A0        A         0

        CLASS   STRING         

        CLASS   CONST          

        CLASS   ENTRY          

        CLASS   COMMON         
                cstackCOMMON                         7A       7A        1         1
                bssCOMMON                            70       70        A         1

        CLASS   BANK0          
                bssBANK0                             20       20       50         1

        CLASS   BANK1          

        CLASS   BANK2          

        CLASS   BANK3          

        CLASS   BANK4          

        CLASS   BANK5          

        CLASS   BANK6          

        CLASS   BIGRAM         

        CLASS   RAM            

        CLASS   ABS1           
                abs_s1                               7E       7E        2         1

        CLASS   SFR0           

        CLASS   SFR1           

        CLASS   SFR2           

        CLASS   SFR3           

        CLASS   SFR4           

        CLASS   SFR5           

        CLASS   SFR6           

        CLASS   SFR7           

        CLASS   SFR8           

        CLASS   SFR9           

        CLASS   SFR10          

        CLASS   SFR11          

        CLASS   SFR12          

        CLASS   SFR13          

        CLASS   SFR14          

        CLASS   SFR15          

        CLASS   SFR16          

        CLASS   SFR17          

        CLASS   SFR18          

        CLASS   SFR19          

        CLASS   SFR20          

        CLASS   SFR21          

        CLASS   SFR22          

        CLASS   SFR23          

        CLASS   SFR24          

        CLASS   SFR25          

        CLASS   SFR26          

        CLASS   SFR27          

        CLASS   SFR28          

        CLASS   SFR29          

        CLASS   SFR30          

        CLASS   SFR31          

        CLASS   CONFIG         
                config                             8007     8007        3         0

        CLASS   IDLOC          

        CLASS   BANK31         

        CLASS   BANK30         

        CLASS   BANK29         

        CLASS   BANK28         

        CLASS   BANK27         

        CLASS   BANK26         

        CLASS   BANK25         

        CLASS   BANK24         

        CLASS   BANK23         

        CLASS   BANK22         

        CLASS   BANK21         

        CLASS   BANK20         

        CLASS   BANK19         

        CLASS   BANK18         

        CLASS   BANK17         

        CLASS   BANK16         

        CLASS   BANK15         

        CLASS   BANK14         

        CLASS   BANK13         

        CLASS   BANK12         

        CLASS   BANK11         

        CLASS   BANK10         

        CLASS   BANK9          

        CLASS   BANK8          

        CLASS   BANK7          

        CLASS   EEDATA         



SEGMENTS        Name                           Load    Length   Top    Selector   Space  Class     Delta

                reset_vec                      000000  000002  000002         0       0  CODE        2
                intentry                       000004  00019C  0001A0         8       0  CODE        2
                bssBANK0                       000020  000050  000070        20       1  BANK0       1
                bssCOMMON                      000070  00000B  00007B        70       1  COMMON      1
                stringtext1                    0001A0  000012  0001B2       340       0  STRCODE     2
                clrtext                        0001B2  000006  0001B8       364       0  CODE        2
                stringtext3                    0001B8  00000B  0001C3       370       0  STRCODE     2
                config                         008007  000003  00800A     1000E       0  CONFIG      2


UNUSED ADDRESS RANGES

        Name                Unused          Largest block    Delta
        BANK1            000A0-000EF              50           1
        BANK2            00120-0016F              50           1
        BANK3            001A0-001EF              50           1
        BANK4            00220-0026F              50           1
        BANK5            002A0-002EF              50           1
        BANK6            00320-0032F              10           1
        BIGRAM           02000-021EF             1F0           1
        CODE             00002-00003               2           2
                         001C3-00FFF             63D
        COMMON           0007B-0007D               3           1
        CONST            00002-00003               2           2
                         001C3-00FFF             100
        ENTRY            00002-00003               2           2
                         001C3-00FFF             100
        IDLOC            08000-08003               4           2
        RAM              000A0-000EF              50           1
                         00120-0016F              50
                         001A0-001EF              50
                         00220-0026F              50
                         002A0-002EF              50
                         00320-0032F              10
        SFR0             00000-0001F              20           1
        SFR1             00080-0009F              20           1
        SFR10            00500-0056F              70           1
        SFR11            00580-005EF              70           1
        SFR12            00600-0066F              70           1
        SFR13            00680-006EF              70           1
        SFR14            00700-0076F              70           1
        SFR15            00780-007EF              70           1
        SFR16            00800-0086F              70           1
        SFR17            00880-008EF              70           1
        SFR18            00900-0096F              70           1
        SFR19            00980-009EF              70           1
        SFR2             00100-0011F              20           1
        SFR20            00A00-00A6F              70           1
        SFR21            00A80-00AEF              70           1
        SFR22            00B00-00B6F              70           1
        SFR23            00B80-00BEF              70           1
        SFR24            00C00-00C6F              70           1
        SFR25            00C80-00CEF              70           1
        SFR26            00D00-00D6F              70           1
        SFR27            00D80-00DEF              70           1
        SFR28            00E00-00E6F              70           1
        SFR29            00E80-00EEF              70           1
        SFR3             00180-0019F              20           1
        SFR30            00F00-00F6F              70           1
        SFR31            00F80-00FEF              70           1
        SFR4             00200-0021F              20           1
        SFR5             00280-0029F              20           1
        SFR6             00300-0031F              20           1
        SFR7             00380-003EF              70           1
        SFR8             00400-0046F              70           1
        SFR9             00480-004EF              70           1
        STACK            02050-021EF             1A0           1
        STRCODE          00002-00003               2           2
                         001C3-00FFF             E3D
        STRING           00002-00003               2           2
                         001C3-00FFF             100

                                  Symbol Table

_ANSELA                      (abs)        0018C
_ANSELC                      (abs)        0018E
_CCP1CONbits                 (abs)        00293
_CCPR1H                      (abs)        00292
_CCPR1L                      (abs)        00291
_CCPTMRSbits                 (abs)        0029E
_CLC1CON                     (abs)        00F10
_CLC1GLS0                    (abs)        00F16
_CLC1GLS1                    (abs)        00F17
_CLC1GLS2                    (abs)        00F18
_CLC1GLS3                    (abs)        00F19
_CLC1IF                      (abs)        00090
_CLC1POL                     (abs)        00F11
_CLC1SEL0                    (abs)        00F12
_CLC1SEL1                    (abs)        00F13
_CLC1SEL2                    (abs)        00F14
_CLC1SEL3                    (abs)        00F15
_INTCONbits                  (abs)        0000B
_IOCAF2                      (abs)        01C9A
_IOCAF5                      (abs)        01C9D
_IOCAN2                      (abs)        01C92
_IOCAN5                      (abs)        01C95
_IOCAP2                      (abs)        01C8A
_IOCAP5                      (abs)        01C8D
_IOCCF3                      (abs)        01CCB
_IOCCF4                      (abs)        01CCC
_IOCCN3                      (abs)        01CC3
_IOCCN4                      (abs)        01CC4
_IOCCP3                      (abs)        01CBB
_IOCCP4                      (abs)        01CBC
_OSCCONbits                  (abs)        00099
_PIE2bits                    (abs)        00091
_PIE3bits                    (abs)        00092
_PIR1bits                    (abs)        00010
_PIR2bits                    (abs)        00011
_PORTAbits                   (abs)        0000C
_PORTCbits                   (abs)        0000E
_PR2                         (abs)        0001B
_PR4                         (abs)        00414
_RC5PPS                      (abs)        00EA5
_T1CONbits                   (abs)        00018
_T2CLKCONbits                (abs)        0001E
_T2CONbits                   (abs)        0001C
_T2HLTbits                   (abs)        0001D
_T4CLKCONbits                (abs)        00417
_T4CONbits                   (abs)        00415
_T4HLTbits                   (abs)        00416
_TMR1                        (abs)        00016
_TMR2                        (abs)        0001A
_TMR4                        (abs)        00413
_TRISAbits                   (abs)        0008C
_TRISCbits                   (abs)        0008E
_WPUAbits                    (abs)        0020C
_WPUCbits                    (abs)        0020E
__CFG_BOREN$ON               (abs)        00000
__CFG_BORV$LO                (abs)        00000
__CFG_CLKOUTEN$OFF           (abs)        00000
__CFG_CP$OFF                 (abs)        00000
__CFG_FOSC$INTOSC            (abs)        00000
__CFG_LPBOR$OFF              (abs)        00000
__CFG_LVP$ON                 (abs)        00000
__CFG_MCLRE$ON               (abs)        00000
__CFG_PLLEN$ON               (abs)        00000
__CFG_PPS1WAY$OFF            (abs)        00000
__CFG_PWRTE$OFF              (abs)        00000
__CFG_STVREN$ON              (abs)        00000
__CFG_WDTCCS$SWC             (abs)        00000
__CFG_WDTCPS$WDTCPS1F        (abs)        00000
__CFG_WDTCWS$WDTCWSSW        (abs)        00000
__CFG_WDTE$OFF               (abs)        00000
__CFG_WRT$OFF                (abs)        00000
__CFG_ZCD$OFF                (abs)        00000
__Habs1                      abs1         00000
__Hbank0                     bank0        00000
__Hbank1                     bank1        00000
__Hbank10                    bank10       00000
__Hbank11                    bank11       00000
__Hbank12                    bank12       00000
__Hbank13                    bank13       00000
__Hbank14                    bank14       00000
__Hbank15                    bank15       00000
__Hbank16                    bank16       00000
__Hbank17                    bank17       00000
__Hbank18                    bank18       00000
__Hbank19                    bank19       00000
__Hbank2                     bank2        00000
__Hbank20                    bank20       00000
__Hbank21                    bank21       00000
__Hbank22                    bank22       00000
__Hbank23                    bank23       00000
__Hbank24                    bank24       00000
__Hbank25                    bank25       00000
__Hbank26                    bank26       00000
__Hbank27                    bank27       00000
__Hbank28                    bank28       00000
__Hbank29                    bank29       00000
__Hbank3                     bank3        00000
__Hbank30                    bank30       00000
__Hbank31                    bank31       00000
__Hbank4                     bank4        00000
__Hbank5                     bank5        00000
__Hbank6                     bank6        00000
__Hbank7                     bank7        00000
__Hbank8                     bank8        00000
__Hbank9                     bank9        00000
__Hbigram                    bigram       00000
__HbssBANK0                  bssBANK0     00000
__HbssCOMMON                 bssCOMMON    00000
__Hcinit                     cinit        000FC
__Hclrtext                   clrtext      00000
__Hcode                      code         00000
__Hcommon                    common       00000
__Hconfig                    config       0800A
__HcstackCOMMON              cstackCOMMON 00000
__Heeprom_data               eeprom_data  00000
__Hend_init                  end_init     000E8
__Hfunctab                   functab      00000
__Hidloc                     idloc        00000
__Hinit                      init         000E6
__Hintentry                  intentry     000E6
__Hmaintext                  maintext     00000
__Hpowerup                   powerup      00000
__Hram                       ram          00000
__Hreset_vec                 reset_vec    00002
__Hsfr0                      sfr0         00000
__Hsfr1                      sfr1         00000
__Hsfr10                     sfr10        00000
__Hsfr11                     sfr11        00000
__Hsfr12                     sfr12        00000
__Hsfr13                     sfr13        00000
__Hsfr14                     sfr14        00000
__Hsfr15                     sfr15        00000
__Hsfr16                     sfr16        00000
__Hsfr17                     sfr17        00000
__Hsfr18                     sfr18        00000
__Hsfr19                     sfr19        00000
__Hsfr2                      sfr2         00000
__Hsfr20                     sfr20        00000
__Hsfr21                     sfr21        00000
__Hsfr22                     sfr22        00000
__Hsfr23                     sfr23        00000
__Hsfr24                     sfr24        00000
__Hsfr25                     sfr25        00000
__Hsfr26                     sfr26        00000
__Hsfr27                     sfr27        00000
__Hsfr28                     sfr28        00000
__Hsfr29                     sfr29        00000
__Hsfr3                      sfr3         00000
__Hsfr30                     sfr30        00000
__Hsfr31                     sfr31        00000
__Hsfr4                      sfr4         00000
__Hsfr5                      sfr5         00000
__Hsfr6                      sfr6         00000
__Hsfr7                      sfr7         00000
__Hsfr8                      sfr8         00000
__Hsfr9                      sfr9         00000
__Hspace_0                   (abs)        0800A
__Hspace_1                   (abs)        0007B
__Hspace_2                   (abs)        00000
__Hspace_3                   (abs)        00000
__Hstack                     stack        00000
__Hstrings                   strings      00000
__Hstringtext1               stringtext1  00000
__Hstringtext10              stringtext10 00000
__Hstringtext11              stringtext11 00000
__Hstringtext12              stringtext12 00000
__Hstringtext13              stringtext13 00000
__Hstringtext2               stringtext2  00000
__Hstringtext3               stringtext3  00000
__Hstringtext4               stringtext4  00000
__Hstringtext5               stringtext5  00000
__Hstringtext6               stringtext6  00000
__Hstringtext7               stringtext7  00000
__Hstringtext8               stringtext8  00000
__Hstringtext9               stringtext9  00000
__Htext                      text         00000
__Labs1                      abs1         00000
__Lbank0                     bank0        00000
__Lbank1                     bank1        00000
__Lbank10                    bank10       00000
__Lbank11                    bank11       00000
__Lbank12                    bank12       00000
__Lbank13                    bank13       00000
__Lbank14                    bank14       00000
__Lbank15                    bank15       00000
__Lbank16                    bank16       00000
__Lbank17                    bank17       00000
__Lbank18                    bank18       00000
__Lbank19                    bank19       00000
__Lbank2                     bank2        00000
__Lbank20                    bank20       00000
__Lbank21                    bank21       00000
__Lbank22                    bank22       00000
__Lbank23                    bank23       00000
__Lbank24                    bank24       00000
__Lbank25                    bank25       00000
__Lbank26                    bank26       00000
__Lbank27                    bank27       00000
__Lbank28                    bank28       00000
__Lbank29                    bank29       00000
__Lbank3                     bank3        00000
__Lbank30                    bank30       00000
__Lbank31                    bank31       00000
__Lbank4                     bank4        00000
__Lbank5                     bank5        00000
__Lbank6                     bank6        00000
__Lbank7                     bank7        00000
__Lbank8                     bank8        00000
__Lbank9                     bank9        00000
__Lbigram                    bigram       00000
__LbssBANK0                  bssBANK0     00000
__LbssCOMMON                 bssCOMMON    00000
__Lcinit                     cinit        000E8
__Lclrtext                   clrtext      00000
__Lcode                      code         00000
__Lcommon                    common       00000
__Lconfig                    config       08007
__LcstackCOMMON              cstackCOMMON 00000
__Leeprom_data               eeprom_data  00000
__Lend_init                  end_init     000E6
__Lfunctab                   functab      00000
__Lidloc                     idloc        00000
__Linit                      init         000E6
__Lintentry                  intentry     00004
__Lmaintext                  maintext     00000
__Lpowerup                   powerup      00000
__Lram                       ram          00000
__Lreset_vec                 reset_vec    00000
__Lsfr0                      sfr0         00000
__Lsfr1                      sfr1         00000
__Lsfr10                     sfr10        00000
__Lsfr11                     sfr11        00000
__Lsfr12                     sfr12        00000
__Lsfr13                     sfr13        00000
__Lsfr14                     sfr14        00000
__Lsfr15                     sfr15        00000
__Lsfr16                     sfr16        00000
__Lsfr17                     sfr17        00000
__Lsfr18                     sfr18        00000
__Lsfr19                     sfr19        00000
__Lsfr2                      sfr2         00000
__Lsfr20                     sfr20        00000
__Lsfr21                     sfr21        00000
__Lsfr22                     sfr22        00000
__Lsfr23                     sfr23        00000
__Lsfr24                     sfr24        00000
__Lsfr25                     sfr25        00000
__Lsfr26                     sfr26        00000
__Lsfr27                     sfr27        00000
__Lsfr28                     sfr28        00000
__Lsfr29                     sfr29        00000
__Lsfr3                      sfr3         00000
__Lsfr30                     sfr30        00000
__Lsfr31                     sfr31        00000
__Lsfr4                      sfr4         00000
__Lsfr5                      sfr5         00000
__Lsfr6                      sfr6         00000
__Lsfr7                      sfr7         00000
__Lsfr8                      sfr8         00000
__Lsfr9                      sfr9         00000
__Lspace_0                   (abs)        00000
__Lspace_1                   (abs)        00000
__Lspace_2                   (abs)        00000
__Lspace_3                   (abs)        00000
__Lstack                     stack        00000
__Lstrings                   strings      00000
__Lstringtext1               stringtext1  00000
__Lstringtext10              stringtext10 00000
__Lstringtext11              stringtext11 00000
__Lstringtext12              stringtext12 00000
__Lstringtext13              stringtext13 00000
__Lstringtext2               stringtext2  00000
__Lstringtext3               stringtext3  00000
__Lstringtext4               stringtext4  00000
__Lstringtext5               stringtext5  00000
__Lstringtext6               stringtext6  00000
__Lstringtext7               stringtext7  00000
__Lstringtext8               stringtext8  00000
__Lstringtext9               stringtext9  00000
__Ltext                      text         00000
__S0                         (abs)        0800A
__S1                         (abs)        0007B
__S2                         (abs)        00000
___int_sp                    stack        00000
___latbits                   (abs)        00001
___sp                        stack        00000
___stackhi                   (abs)        021EF
___stacklo                   (abs)        02050
__end_of__initialization     cinit        000F8
__end_of_blue_tone           stringtext12 001C2
__end_of_d_Cycles            stringtext1  001AA
__end_of_duty_C_blue         stringtext7  001BD
__end_of_duty_C_green        stringtext5  001BB
__end_of_duty_C_red          stringtext8  001BE
__end_of_duty_C_test         stringtext4  001BA
__end_of_duty_C_yellow       stringtext6  001BC
__end_of_green_tone          stringtext10 001C0
__end_of_init_CLC1           text5        00195
__end_of_init_PWM_TMR2       text4        00133
__end_of_init_debounce_TMR4  text3        00169
__end_of_init_delay_TMR1     text2        001A0
__end_of_init_peripheral     text1        00182
__end_of_isr                 intentry     000E6
__end_of_led_Tone            stringtext2  001B2
__end_of_main                maintext     0014F
__end_of_red_tone            stringtext13 001C3
__end_of_test_tone           stringtext9  001BF
__end_of_tone_off            stringtext3  001B9
__end_of_yellow_tone         stringtext11 001C1
__initialization             cinit        000E8
__pbssBANK0                  bssBANK0     00020
__pbssCOMMON                 bssCOMMON    00070
__pcstackCOMMON              cstackCOMMON 0007A
__pintentry                  intentry     00004
__pmaintext                  maintext     00133
__pstringtext1               stringtext1  001A0
__pstringtext10              stringtext10 001BF
__pstringtext11              stringtext11 001C0
__pstringtext12              stringtext12 001C1
__pstringtext13              stringtext13 001C2
__pstringtext2               stringtext2  001AA
__pstringtext3               stringtext3  001B8
__pstringtext4               stringtext4  001B9
__pstringtext5               stringtext5  001BA
__pstringtext6               stringtext6  001BB
__pstringtext7               stringtext7  001BC
__pstringtext8               stringtext8  001BD
__pstringtext9               stringtext9  001BE
__ptext1                     text1        00169
__ptext2                     text2        00195
__ptext3                     text3        0014F
__ptext4                     text4        000FC
__ptext5                     text5        00182
__size_of_init_CLC1          (abs)        00000
__size_of_init_PWM_TMR2      (abs)        00000
__size_of_init_debounce_TMR4 (abs)        00000
__size_of_init_delay_TMR1    (abs)        00000
__size_of_init_peripheral    (abs)        00000
__size_of_isr                (abs)        00000
__size_of_main               (abs)        00000
_game                        bssBANK0     00020
_init_CLC1                   text5        00182
_init_PWM_TMR2               text4        000FC
_init_debounce_TMR4          text3        0014F
_init_delay_TMR1             text2        00195
_init_peripheral             text1        00169
_input                       bssCOMMON    00070
_isr                         intentry     00004
_main                        maintext     00133
_nWPUEN                      (abs)        004AF
btemp                        (abs)        0007E
clear_ram0                   clrtext      001B2
end_of_initialization        cinit        000F8
int$flags                    (abs)        0007E
intlevel0                    functab      00000
intlevel1                    functab      00000
intlevel2                    functab      00000
intlevel3                    functab      00000
intlevel4                    functab      00000
intlevel5                    functab      00000
reset_vec                    reset_vec    00000
start                        init         000E6
start_initialization         cinit        000E8
wtemp0                       (abs)        0007E


FUNCTION INFORMATION:

 *************** function _main *****************
 Defined at:
		line 304 in file "main.c"
 Parameters:    Size  Location     Type
		None
 Auto vars:     Size  Location     Type
		None
 Return value:  Size  Location     Type
                  1    wreg      void 
 Registers used:
		wreg, status,2, status,0, pclath, cstack
 Tracked objects:
		On entry : 
		On exit  : 
		Unchanged: 
 Data sizes:     COMMON   BANK0   BANK1   BANK2   BANK3   BANK4   BANK5   BANK6
      Params:         0       0       0       0       0       0       0       0
      Locals:         0       0       0       0       0       0       0       0
      Temps:          0       0       0       0       0       0       0       0
      Totals:         0       0       0       0       0       0       0       0
Total ram usage:        0 bytes
 Hardware stack levels required when called:    2
 This function calls:
		_init_CLC1
		_init_PWM_TMR2
		_init_debounce_TMR4
		_init_delay_TMR1
		_init_peripheral
 This function is called by:
		Startup code after reset
 This function uses a non-reentrant model


 *************** function _init_peripheral *****************
 Defined at:
		line 198 in file "main.c"
 Parameters:    Size  Location     Type
		None
 Auto vars:     Size  Location     Type
		None
 Return value:  Size  Location     Type
                  1    wreg      void 
 Registers used:
		status,2
 Tracked objects:
		On entry : 
		On exit  : 
		Unchanged: 
 Data sizes:     COMMON   BANK0   BANK1   BANK2   BANK3   BANK4   BANK5   BANK6
      Params:         0       0       0       0       0       0       0       0
      Locals:         0       0       0       0       0       0       0       0
      Temps:          0       0       0       0       0       0       0       0
      Totals:         0       0       0       0       0       0       0       0
Total ram usage:        0 bytes
 Hardware stack levels used:    1
 Hardware stack levels required when called:    1
 This function calls:
		Nothing
 This function is called by:
		_main
 This function uses a non-reentrant model


 *************** function _init_delay_TMR1 *****************
 Defined at:
		line 281 in file "main.c"
 Parameters:    Size  Location     Type
		None
 Auto vars:     Size  Location     Type
		None
 Return value:  Size  Location     Type
                  1    wreg      void 
 Registers used:
		wreg, status,2, status,0
 Tracked objects:
		On entry : 
		On exit  : 
		Unchanged: 
 Data sizes:     COMMON   BANK0   BANK1   BANK2   BANK3   BANK4   BANK5   BANK6
      Params:         0       0       0       0       0       0       0       0
      Locals:         0       0       0       0       0       0       0       0
      Temps:          0       0       0       0       0       0       0       0
      Totals:         0       0       0       0       0       0       0       0
Total ram usage:        0 bytes
 Hardware stack levels used:    1
 Hardware stack levels required when called:    1
 This function calls:
		Nothing
 This function is called by:
		_main
 This function uses a non-reentrant model


 *************** function _init_debounce_TMR4 *****************
 Defined at:
		line 228 in file "main.c"
 Parameters:    Size  Location     Type
		None
 Auto vars:     Size  Location     Type
		None
 Return value:  Size  Location     Type
                  1    wreg      void 
 Registers used:
		wreg, status,2, status,0
 Tracked objects:
		On entry : 
		On exit  : 
		Unchanged: 
 Data sizes:     COMMON   BANK0   BANK1   BANK2   BANK3   BANK4   BANK5   BANK6
      Params:         0       0       0       0       0       0       0       0
      Locals:         0       0       0       0       0       0       0       0
      Temps:          0       0       0       0       0       0       0       0
      Totals:         0       0       0       0       0       0       0       0
Total ram usage:        0 bytes
 Hardware stack levels used:    1
 Hardware stack levels required when called:    1
 This function calls:
		Nothing
 This function is called by:
		_main
 This function uses a non-reentrant model


 *************** function _init_PWM_TMR2 *****************
 Defined at:
		line 250 in file "main.c"
 Parameters:    Size  Location     Type
		None
 Auto vars:     Size  Location     Type
		None
 Return value:  Size  Location     Type
                  1    wreg      void 
 Registers used:
		wreg, status,2, status,0
 Tracked objects:
		On entry : 
		On exit  : 
		Unchanged: 
 Data sizes:     COMMON   BANK0   BANK1   BANK2   BANK3   BANK4   BANK5   BANK6
      Params:         0       0       0       0       0       0       0       0
      Locals:         0       0       0       0       0       0       0       0
      Temps:          1       0       0       0       0       0       0       0
      Totals:         1       0       0       0       0       0       0       0
Total ram usage:        1 bytes
 Hardware stack levels used:    1
 Hardware stack levels required when called:    1
 This function calls:
		Nothing
 This function is called by:
		_main
 This function uses a non-reentrant model


 *************** function _init_CLC1 *****************
 Defined at:
		line 289 in file "main.c"
 Parameters:    Size  Location     Type
		None
 Auto vars:     Size  Location     Type
		None
 Return value:  Size  Location     Type
                  1    wreg      void 
 Registers used:
		wreg, status,2
 Tracked objects:
		On entry : 
		On exit  : 
		Unchanged: 
 Data sizes:     COMMON   BANK0   BANK1   BANK2   BANK3   BANK4   BANK5   BANK6
      Params:         0       0       0       0       0       0       0       0
      Locals:         0       0       0       0       0       0       0       0
      Temps:          0       0       0       0       0       0       0       0
      Totals:         0       0       0       0       0       0       0       0
Total ram usage:        0 bytes
 Hardware stack levels used:    1
 Hardware stack levels required when called:    1
 This function calls:
		Nothing
 This function is called by:
		_main
 This function uses a non-reentrant model


 *************** function _isr *****************
 Defined at:
		line 94 in file "main.c"
 Parameters:    Size  Location     Type
		None
 Auto vars:     Size  Location     Type
		None
 Return value:  Size  Location     Type
                  1    wreg      void 
 Registers used:
		wreg, status,2, status,0
 Tracked objects:
		On entry : 
		On exit  : 
		Unchanged: 
 Data sizes:     COMMON   BANK0   BANK1   BANK2   BANK3   BANK4   BANK5   BANK6
      Params:         0       0       0       0       0       0       0       0
      Locals:         0       0       0       0       0       0       0       0
      Temps:          0       0       0       0       0       0       0       0
      Totals:         0       0       0       0       0       0       0       0
Total ram usage:        0 bytes
 Hardware stack levels used:    1
 This function calls:
		Nothing
 This function is called by:
		Interrupt level 1
 This function uses a non-reentrant model



MODULE INFORMATION

Module		Function		Class		Link	Load	Size
shared
		_test_tone     		STRCODE        	0000	0000	0
		_green_tone    		STRCODE        	0000	0000	0
		_d_Cycles      		STRCODE        	0000	0000	0
		_led_Tone      		STRCODE        	0000	0000	0
		__initialization		CODE           	00E8	0000	17
		_red_tone      		STRCODE        	0000	0000	0
		_blue_tone     		STRCODE        	0000	0000	0
		_duty_C_red    		STRCODE        	0000	0000	0
		_tone_off      		STRCODE        	0000	0000	0
		_duty_C_blue   		STRCODE        	0000	0000	0
		_duty_C_test   		STRCODE        	0000	0000	0
		_duty_C_green  		STRCODE        	0000	0000	0
		_yellow_tone   		STRCODE        	0000	0000	0
		_duty_C_yellow 		STRCODE        	0000	0000	0

shared estimated size: 17

main.c
		_init_debounce_TMR4		CODE           	014F	0000	27
		_main          		CODE           	0133	0000	29
		_isr           		CODE           	0004	0000	227
		_init_delay_TMR1		CODE           	0195	0000	12
		_init_CLC1     		CODE           	0182	0000	20
		_init_PWM_TMR2 		CODE           	00FC	0000	56
		_init_peripheral		CODE           	0169	0000	26

main.c estimated size: 397

